// Jest Snapshot v1, https://goo.gl/fbAQLP

exports[`Prueba en CounterApp Debe hacer match con el snapshot 1`] = `
<div>
  <h1>
    CounterApp
  </h1>
  <h2>
     
    101
     
  </h2>
  <h2
    data-testid="contador"
  >
     
    100
     
  </h2>
  <button>
    Increment +1
  </button>
  <button>
    Decrement -1
  </button>
  <button
    aria-label="btn-reset"
  >
    Reset
  </button>
</div>
`;
